Last login: Tue Oct 10 10:37:05 on ttys000
zhaoshuai:~ Ivan$ cd /Users/lanou3g/Desktop/git 
zhaoshuai:git Ivan$ git clone https://github.com/IvanGitZ/php.git
Cloning into 'php'...
remote: Counting objects: 6, done.
remote: Compressing objects: 100% (3/3), done.
remote: Total 6 (delta 0), reused 0 (delta 0), pack-reused 0
Unpacking objects: 100% (6/6), done.
zhaoshuai:git Ivan$ cd
zhaoshuai:~ Ivan$ cd /Users/lanou3g/Desktop/git/php 
zhaoshuai:php Ivan$ git status
On branch master
Your branch is up-to-date with 'origin/master'.

nothing to commit, working tree clean
zhaoshuai:php Ivan$ git status
On branch master
Your branch is up-to-date with 'origin/master'.

nothing to commit, working tree clean
zhaoshuai:php Ivan$ git status
On branch master
Your branch is up-to-date with 'origin/master'.

Changes not staged for commit:
  (use "git add <file>..." to update what will be committed)
  (use "git checkout -- <file>..." to discard changes in working directory)

	modified:   README.md

no changes added to commit (use "git add" and/or "git commit -a")
zhaoshuai:php Ivan$ git add .
zhaoshuai:php Ivan$ git status
On branch master
Your branch is up-to-date with 'origin/master'.

Changes to be committed:
  (use "git reset HEAD <file>..." to unstage)

	modified:   README.md

zhaoshuai:php Ivan$ git commit -m 'mmmm'
[master 729daae] mmmm
 1 file changed, 1 insertion(+), 1 deletion(-)
zhaoshuai:php Ivan$ git push
Counting objects: 3, done.
Delta compression using up to 4 threads.
Compressing objects: 100% (2/2), done.
Writing objects: 100% (3/3), 258 bytes | 258.00 KiB/s, done.
Total 3 (delta 1), reused 0 (delta 0)
remote: Resolving deltas: 100% (1/1), completed with 1 local object.
To https://github.com/IvanGitZ/php.git
   fb231d7..729daae  master -> master
zhaoshuai:php Ivan$ git branch lesson-1
zhaoshuai:php Ivan$ git checkout lesson-1
Switched to branch 'lesson-1'
zhaoshuai:php Ivan$ clear

zhaoshuai:php Ivan$ git status
On branch lesson-1
Untracked files:
  (use "git add <file>..." to include in what will be committed)

	variables.php

nothing added to commit but untracked files present (use "git add" to track)
zhaoshuai:php Ivan$ git add .
zhaoshuai:php Ivan$ git commit -m 'change'
[lesson-1 eef1d2b] change
 1 file changed, 97 insertions(+)
 create mode 100644 variables.php
zhaoshuai:php Ivan$ git push origin lesson-1
Counting objects: 3, done.
Delta compression using up to 4 threads.
Compressing objects: 100% (3/3), done.
Writing objects: 100% (3/3), 1.15 KiB | 1.15 MiB/s, done.
Total 3 (delta 0), reused 0 (delta 0)
To https://github.com/IvanGitZ/php.git
 * [new branch]      lesson-1 -> lesson-1
zhaoshuai:php Ivan$ remote
-bash: remote: command not found
zhaoshuai:php Ivan$ git checkout mester
error: pathspec 'mester' did not match any file(s) known to git.
zhaoshuai:php Ivan$ git checkout master
Switched to branch 'master'
Your branch is up-to-date with 'origin/master'.
zhaoshuai:php Ivan$ git status
On branch master
Your branch is up-to-date with 'origin/master'.

nothing to commit, working tree clean
zhaoshuai:php Ivan$ remote
-bash: remote: command not found
zhaoshuai:php Ivan$ git remote
origin
zhaoshuai:php Ivan$  















